# 25 listings have no clean blend identity (left as standalone tins):

[Speak-Easy.Club] C&D 2026
[Speak-Easy.Club] Solani
[Speak-Easy.Club] Unknown Aromatic |  | 2.5oz
[Speak-Easy.Club] W.Ø. Larsen
[Tinbids Auction (Sold)] (3) Koltoma Blends ( Russian)
[Tinbids Auction (Sold)] 2017 Esoterica Stonehaven - 8 Oz Bag
[Tinbids Auction (Sold)] 2019 Benjamin Hartwell Private Reserve Signature Blend 1.5oz
[Tinbids Auction (Sold)] 2021 Samuel Gawith Best Brown Flake 50g
[Tinbids Auction (Sold)] 2021 Sun Bear Black Locust 2oz
[Tinbids Auction (Sold)] Bowl of Roses Pipe Mixture
[Tinbids Auction (Sold)] Collectible G.L. Pease da Vinci 8 oz’s Sealed Pipe Tobacco Tin 2006
[Tinbids Auction (Sold)] Cornell & Diehl String Duster
[Tinbids Auction (Sold)] Esoterica Stonehaven and Penzance 8oz
[Tinbids Auction (Sold)] Esoterica Tobacciana
[Tinbids Auction (Sold)] Field and Stream 1 3/8oz. Unopened box House of Windsor
[Tinbids Auction (Sold)] McClelland 40th Anniversary - 2018 tin date
[Tinbids Auction (Sold)] McClelland Frog Morton on the Town 1998 1.2oz/33grams
[Tinbids Auction (Sold)] Older Reiner Light Aromatic 50g
[Tinbids Auction (Sold)] SYRIAN! 2018 Ashton Artisan's Blend 50g
[Tinbids Auction (Sold)] Sutliff Smooth & Gold (16 oz) 1 lb.
[Tinbids Auction (Sold)] Taste of Summer -1.5oz
[Tinbids Auction (Sold)] Torben Dansk Black Velvet Gentle Dream (sampled)
[Tinbids Auction (Sold)] VINTAGE and RARE sealed 7oz can of Revelation
[Tinbids Auction (Sold)] Very Nice Sealed Seattle Pipe Club Mississippi River 4oz. Tin
[Tinbids Auction (Sold)] Vintage Dill's Best Tobacco Pocket Box - Sealed Handy Pouch Inside
